todo 182 / 237
[2] 鹊惊随叶散，萤远入烟流...
  hit score=160 saved
[7] 梦里佳期，只许庭花与月知...
  hit score=30 saved
[14] 天若有情天亦老，月若无恨月长圆...
  hit score=35 saved
[20] 悲欢离合总无情，一任阶前、点滴到天明...
  hit score=60 saved
[24] 但知行好事，莫要问前程...
  hit score=160 saved
[37] 高情已逐晓云空，不与梨花同梦...
  hit score=160 saved
[44] 三愿如同梁上燕，岁岁长相见...
  hit score=160 saved
[51] 休对故人思故国，且将新火试新茶。诗酒趁年华...
  hit score=90 saved
[59] 醉眠芳树下，半被落花埋...
  hit score=160 saved
[64] 棋罢不知人换世，酒阑无奈客思家...
  hit score=160 saved
[65] 休辞醉倒。花不看开人易老...
  hit score=60 saved
[66] 春风一夜吹香梦，梦逐春风到洛城...
  hit score=160 saved
[67] 花自飘零水自流。一种相思，两处闲愁。此情无计可消除。才下...
  hit score=180 saved
[68] 相思恰似江南柳，一夜春风一夜深...
  hit score=160 saved
[69] 山月不知心里事，水风空落眼前花...
  hit score=160 saved
[70] 嫁与东风春不管，凭尔去，忍淹留...
  hit score=30 saved
[71] 爱惜芳心莫轻吐，且教桃李闹春风...
  miss saved
[72] 醉卧古藤阴下，了不知南北...
  hit score=160 saved
[73] 时见疏星落画檐，几点流萤小...
  hit score=160 saved
[74] 归船萧鼓夕阳间，一生难得是春闲...
  miss saved
[75] 请君看取东流水，方识人间别意长...
  hit score=160 saved
[76] 此时情绪此时天，无事小神仙...
  hit score=60 saved
[77] 趁取春光，还留一半，莫负今朝...
  hit score=30 saved
[78] 晚来天欲雪，能饮一杯无...
  hit score=165 saved
[79] 秋空如水酒如空，谪仙已去与谁同...
  hit score=60 saved
[80] 世事漫随流水,算来浮生一梦...
  miss saved
[81] 来似东风催绿树，去如新梦化芳尘...
  miss saved
[82] 天明可恨终无寐，纵有相思梦不逢...
  miss saved
[83] 明月楼高休独倚，酒入愁肠，化作相思泪...
  hit score=90 saved
[84] 最多情犹有，尊前青眼，相逢依旧...
  hit score=30 saved
[85] 看尽一帘红雨，为谁亲系花铃...
  miss saved
[86] 所思终不见，还是一含情...
  hit score=160 saved
[87] 冰心浮动花前树，一种相思两地人...
  miss saved
[88] 江北江南几度秋，梦里朱颜换...
  hit score=160 saved
[89] 愿天无霜雪，梧子结千年...
  miss saved
[90] 似水流年今又是，但凭诗句赠繁华...
  miss saved
[91] 取次花丛懒回顾，半缘修道半缘君...
  hit score=160 saved
[92] 冢头莫种有花树，春色不关泉下人...
  hit score=160 saved
[93] 人生有酒须当醉，一滴何曾到九泉...
  hit score=160 saved
[94] 天与多情，不与长相守...
  hit score=160 saved
[95] 晓看天色暮看云，行也思君，坐也思君...
  miss saved
[96] 人面不知何处，绿波依旧东流...
  hit score=160 saved
[97] 狂风落尽深红色，绿叶成阴子满枝...
  hit score=160 saved
[98] 几时心绪浑无事，得及游丝百尺长...
  hit score=160 saved
[99] 浮生若梦，为欢几何...
  hit score=165 saved
[100] 清尊未洗，梦不湿行云，漫沾残泪...
  hit score=90 saved
[101] 桃花流水窅[yǎo]然去，别有天地非人间...
  hit score=30 saved
[102] 无雨花犹落，无风絮自飞...
  hit score=30 saved
[103] 送晓色、一壶葱茜，才知花梦准...
  hit score=160 saved
[104] 灯前韵落十年影，一片芳心寄与谁...
  miss saved
[105] 人与景，人景古难全...
  hit score=160 saved
[106] 尽日问花花不语，为谁零落为谁开...
  hit score=160 saved
[107] 别后相思人似月，云间水上到层城...
  hit score=160 saved
[108] 旧游无处不堪寻，无寻处，惟有少年心...
  hit score=90 saved
[109] 春风不约请，自有看花人...
  hit score=30 saved
[110] 多情只有春庭月，犹为离人照落花...
  hit score=165 saved
[111] 流水落花春去也，天上人间...
  hit score=160 saved
[112] 十年旧约江南梦，独听寒山半夜钟...
  miss saved
[113] 年年点检人间事，唯有春风不世情...
  hit score=160 saved
[114] 美人自古如名将，不许人间见白头...
  miss saved
[115] 人生不向花前醉，花笑人生也是呆...
  miss saved
[116] 且尽眼中欢，莫叹时光促...
  hit score=160 saved
[117] 愿有岁月可回首，且以深情共白头...
  miss saved
[118] 落花满地鸿声尽，流水盈天月色寒...
  miss saved
[119] 多情自古空余恨，好梦由来最易醒...
  miss saved
[120] 梧桐树，三更雨，不道离情正苦。一叶叶，一声声，空阶滴到明...
  hit score=150 saved
[121] 浮云一别后，流水十年间...
  hit score=165 saved
[122] 春水碧于天，画船听雨眠...
  hit score=160 saved
[123] 万帐穹庐人醉，星影摇摇欲坠...
  miss saved
[124] 最苦魂梦，今宵不到伊行...
  hit score=30 saved
[125] 长记曾携手处，千树压、西湖寒碧...
  hit score=160 saved
[126] 谁教岁岁红莲夜，两处沉吟各自知...
  hit score=30 saved
[127] 忆君心似西江水，日夜东流无歇时...
  hit score=160 saved
[128] 相恨不如潮有信，相思始觉海非深...
  hit score=160 saved
[129] 流波将月去，潮水带星来...
  miss saved
[130] 春风弹动半天霞，夜雨浮收一地花...
  miss saved
[131] Love is to be remnant while ...
  miss saved
[132] 思君令人老，岁月忽已晚...
  hit score=30 saved
[133] 玲珑骰子安红豆，入骨相思知不知...
  hit score=160 saved
[134] 我是梦中传彩笔，欲书花叶寄朝云...
  hit score=160 saved
[135] 相思一夜梅花发，忽到窗前疑是君...
  hit score=160 saved
[136] 情不知所起，一往而深...
  miss saved
[137] 梅花雪，梨花月，总相思...
  hit score=30 saved
[138] 若似月轮终皎洁，不辞冰雪为卿热...
  miss saved
[139] 直道相思了无益，未妨惆怅是清狂...
  hit score=165 saved
[140] 终日两相思，为君憔悴尽，百花时...
  hit score=190 saved
[141] 天不老，情难绝。心似双丝网，中有千千结...
  hit score=120 saved
[142] 蓦地一相逢，心事眼波难定...
  miss saved
[143] 天上唯一月，眼中唯一人...
  miss saved
[144] 得成比目何辞死 ，愿作鸳鸯不羡仙...
  hit score=60 saved
[145] 天涯地角有穷时，只有相思无尽处...
  hit score=160 saved
[146] 当年不肯嫁春风，无端却被秋风误...
  hit score=160 saved
[147] 今朝云魄云魂，断送一生憔悴，知他几个黄昏...
  hit score=60 saved
[148] 梦魂纵有也成虚，那堪和梦无...
  hit score=60 saved
[149] 几许年华，三生醉梦，六月凉秋...
  miss saved
[150] 暂时相见，如梦懒思量...
  hit score=160 saved
[151] 若有人知春去处，换取归来同住...
  hit score=30 saved
[152] 从此音尘各悄然，春山如黛草如烟...
  miss saved
[153] 窗外月华霜重，听彻梅花弄...
  hit score=60 saved
[154] 东风夜放花千树，更吹落，星如雨...
  hit score=90 saved
[155] 无情有恨何人觉？月晓风清欲堕时...
  hit score=30 saved
[156] 浮生一梦君同我，都是魁安未醒人...
  miss saved
[157] 老来事事消磨尽，只有尊前似少年...
  miss saved
[158] 一笑相逢蓬海路，人间风月如尘土...
  hit score=60 saved
[159] 半世浮萍随逝水，一宵冷雨葬名花...
  miss saved
[160] 最关情，折尽梅花，难寄相思...
  hit score=190 saved
[161] 树深时见鹿，溪午不闻钟...
  hit score=160 saved
[162] 不枉东风吹客泪，相思难表，梦魂无据，惟有归来是...
  hit score=220 saved
[163] 两鬓可怜青，只为相思老...
  hit score=160 saved
[164] 山远天高烟水寒，相思枫叶丹...
  hit score=160 saved
[165] 满载一船明月，平铺千里秋江...
  miss saved
[166] 满目山河空念远，落花风雨更伤春。不如怜取眼前人...
  hit score=90 saved
[167] 暗相思，无处说，惆怅夜来烟月...
  hit score=190 saved
[168] 写不成书，只寄得，相思一点...
  hit score=90 saved
[169] 来岁长安春事早，劝杏花、断莫相思死...
  miss saved
[170] 一夜相思，水边清浅横枝瘦...
  hit score=160 saved
[171] 与君别。相思一夜梅花发...
  hit score=30 saved
[172] 人归落雁后，思发在花前...
  hit score=160 saved
[173] 后夜相思，尘随马去，月逐舟行...
  hit score=190 saved
[174] 我有所思在远道，一日不见兮，我心悄悄...
  hit score=90 saved
[175] 情意绵绵，一夜相思老...
  hit score=30 saved
[176] 思君如满月，夜夜减清辉...
  hit score=160 saved
[177] 钟鼎山林都是梦，人间宠辱休惊...
  miss saved
[178] 思量却也有悲时，重阳节近多风雨...
  hit score=160 saved
[179] 愁肠已断无由醉，酒未到，先成泪...
  hit score=90 saved
[180] 夜夜相思更漏残，伤心明月凭阑干，想君思我锦衾寒...
  hit score=190 saved
[181] 常记溪亭日暮，沉醉不知归路...
  hit score=35 saved
[183] 入我相思门，知我相思苦。长相思兮长相忆，短相思兮无穷极。...
  miss saved
[184] 它生莫做有情痴，天地无处着相思...
  miss saved
[185] 窗里人将老，门前树已秋...
  hit score=160 saved
[186] 一行归鹭拖秋色，几树鸣蝉饯夕阳...
  hit score=160 saved
[187] 松风吹解带，山月照弹琴...
  hit score=165 saved
[188] 潮落潮生波渺，江树森如发...
  hit score=160 saved
[189] 倚杖柴门外，临风听暮蝉...
  hit score=165 saved
[190] 秋阴不散霜飞晚，留得枯荷听雨声...
  hit score=160 saved
[191] 拾闲犹待天晴日，不觉人间又一秋...
  miss saved
[192] 佳期不可再，风雨杳如年...
  hit score=160 saved
[193] 荒城临古渡，落日满秋山...
  hit score=165 saved
[194] 朝朝暮暮闲亭子，满耳松风满耳泉...
  miss saved
[195] 听雨寒更彻，开门落叶深...
  hit score=160 saved
[196] 流光容易把人抛。红了樱桃，绿了芭蕉...
  hit score=90 saved
[197] 雾湿云鬟，浅妆深拜月...
  hit score=160 saved
[198] 别有微凉处，入眼已秋分...
  hit score=30 saved
[199] 落叶西风时候，人共青山都瘦...
  hit score=60 saved
[200] 我欲因之梦吴越，一夜飞渡镜湖月...
  hit score=35 saved
[201] 花门楼前见秋草，岂能贫贱相看老...
  hit score=160 saved
[202] 酒醒只在花前坐，酒醉还来花下眠...
  miss saved
[203] 窗前谁浸木犀黄？花也香，梦也香...
  hit score=90 saved
[204] 旧欢如在梦魂中，自然肠欲断，何必更秋风...
  miss saved
[205] 红叶下山寒寂寂，湿云如梦雨如尘...
  hit score=160 saved
[206] 何须更问浮生事，只此浮生在梦中...
  miss saved
[207] 寒山常带斜阳色，新月偏明落叶时...
  miss saved
[208] 君臣一梦，今古空名。但远山长，云山乱，晓山青...
  hit score=90 saved
[209] 长江流远梦，短棹拨残星...
  miss saved
[210] 水急客舟疾，山花拂面香...
  hit score=30 saved
[211] 雪满山中高士卧，月明林下美人来...
  miss saved
[212] 不消红蜡，闲云归后，月在庭花旧阑角...
  hit score=90 saved
[213] 惟有汀边鸥鹭，不管人间兴废，一抹度青霄...
  hit score=190 saved
[214] 肠已断，泪难收。相思重上小红楼...
  hit score=30 saved
[215] 若教眼底无离恨，不信人间有白头...
  hit score=160 saved
[216] 不请长缨，系取天骄种，剑吼西风。恨登山临水，手寄七弦桐，...
  hit score=150 saved
[217] 昨夜西池凉露满，桂花吹断月中香...
  hit score=160 saved
[218] 西风刮梦秋无际，夜月生香雪满身...
  miss saved
[219] 偷期锦浪荷深处，一梦云兼雨...
  hit score=160 saved
[220] 臂留檀印齿痕香，深秋不寐漏初长，尽思量...
  hit score=190 saved
[221] 流年川暗度，往事月空明...
  hit score=160 saved
[222] 半卷半舒心不展，雨中说尽相思声...
  miss saved
[223] 鹿门月照开烟树，忽到庞公栖隐处...
  hit score=165 saved
[224] 日暮秋风起，萧萧枫树林...
  hit score=165 saved
[225] 世间花叶不相伦，花入金盆叶作尘...
  hit score=160 saved
[226] 行到水穷处，坐看云起时...
  hit score=165 saved
[227] 千盅酒洒云追月，万首诗成梦落花...
  miss saved
[228] 最是秋风管闲事，红他枫叶白人头...
  miss saved
[229] 人生到处知何似，应似飞鸿踏雪泥...
  hit score=160 saved
[230] 要知烂熳开时节，直待西风一夜霜...
  hit score=160 saved
[231] 无端却被梅花恼，特地吹香破梦魂...
  hit score=160 saved
[232] 星移斗转催人老，唯有相思万古绵...
  miss saved
[233] 人间一堕千劫，犹爱梅花未归...
  hit score=160 saved
[234] 山花落尽山常在，山水空流山自闲...
  hit score=30 saved
[235] 银鞍照白马，飒沓如流星...
  hit score=160 saved
[236] 年去年来常不老，春比人顽...
  miss saved
[237] 水苔宜溜色，山樱助落晖...
  miss saved
done 182 hit 132, updated stories.json / poems.json
