2026-07-20T03:52:29Z INF Thank you for trying Cloudflare Tunnel. Doing so, without a Cloudflare account, is a quick way to experiment and try it out. However, be aware that these account-less Tunnels have no uptime guarantee, are subject to the Cloudflare Online Services Terms of Use (https://www.cloudflare.com/website-terms/), and Cloudflare reserves the right to investigate your use of Tunnels for violations of such terms. If you intend to use Tunnels in production you should use a pre-created named tunnel by following: https://developers.cloudflare.com/cloudflare-one/connections/connect-apps
2026-07-20T03:52:29Z INF Requesting new quick Tunnel on trycloudflare.com...
2026-07-20T03:52:33Z INF +--------------------------------------------------------------------------------------------+
2026-07-20T03:52:33Z INF |  Your quick Tunnel has been created! Visit it at (it may take some time to be reachable):  |
2026-07-20T03:52:33Z INF |  https://antibodies-term-county-otherwise.trycloudflare.com                                |
2026-07-20T03:52:33Z INF +--------------------------------------------------------------------------------------------+
2026-07-20T03:52:33Z INF Cannot determine default configuration path. No file [config.yml config.yaml] in [~/.cloudflared ~/.cloudflare-warp ~/cloudflare-warp]
2026-07-20T03:52:33Z INF Version 2026.7.2 (Checksum cdb5d4432f6ae1595654a692a51308b69d2bf7af961f5578d9391837cf072df9)
2026-07-20T03:52:33Z INF GOOS: windows, GOVersion: go1.26.4, GoArch: amd64
2026-07-20T03:52:33Z INF Settings: map[ha-connections:1 p:http2 protocol:http2 url:http://127.0.0.1:8501]
2026-07-20T03:52:33Z INF cloudflared will not automatically update on Windows systems.
2026-07-20T03:52:33Z INF Generated Connector ID: 7b60ae02-2079-4a72-a6aa-5092ce596c32
2026-07-20T03:52:33Z INF Initial protocol http2
2026-07-20T03:52:33Z INF ICMP proxy will use 192.168.0.204 as source for IPv4
2026-07-20T03:52:33Z INF ICMP proxy will use 2409:8d00:1071:5a7:6ab3:ef85:237d:61e3 in zone WLAN as source for IPv6
2026-07-20T03:52:33Z INF cloudflared does not support loading the system root certificate pool on Windows. Please use --origin-ca-pool <PATH> to specify the path to the certificate pool
2026-07-20T03:52:33Z INF ICMP proxy will use 192.168.0.204 as source for IPv4
2026-07-20T03:52:33Z INF Tunnel connection curve preferences: [X25519MLKEM768 CurveID(65074) CurveP256] connIndex=0 event=0 ip=2606:4700:a8::10
2026-07-20T03:52:33Z INF ICMP proxy will use 2409:8d00:1071:5a7:6ab3:ef85:237d:61e3 in zone WLAN as source for IPv6
2026-07-20T03:52:33Z INF Starting metrics server on 127.0.0.1:20241/metrics
2026-07-20T03:52:43Z INF +----------------------------------------------------------------------------------------------------+
2026-07-20T03:52:43Z INF |                                      CONNECTIVITY PRE-CHECKS                                       |
2026-07-20T03:52:43Z INF +----------------------------------------------------------------------------------------------------+
2026-07-20T03:52:43Z INF |  COMPONENT         TARGET                     STATUS  DETAILS                                      |
2026-07-20T03:52:43Z INF |  DNS Resolution    region1.v2.argotunnel.com  PASS    DNS Resolved successfully                    |
2026-07-20T03:52:43Z INF |  DNS Resolution    region2.v2.argotunnel.com  PASS    DNS Resolved successfully                    |
2026-07-20T03:52:43Z INF |  UDP Connectivity  region1.v2.argotunnel.com  PASS    QUIC connection successful                   |
2026-07-20T03:52:43Z INF |  UDP Connectivity  region2.v2.argotunnel.com  FAIL    QUIC connection failed                       |
2026-07-20T03:52:43Z INF |  TCP Connectivity  region1.v2.argotunnel.com  PASS    HTTP/2 connection successful                 |
2026-07-20T03:52:43Z INF |  TCP Connectivity  region2.v2.argotunnel.com  FAIL    HTTP/2 connection is blocked or unreachable  |
2026-07-20T03:52:43Z INF |  Cloudflare API    api.cloudflare.com:443     PASS    API is reachable                             |
2026-07-20T03:52:43Z INF |  ERROR: Allow outbound QUIC traffic on port 7844 or use HTTP2.                                     |
2026-07-20T03:52:43Z INF |  ERROR: Allow outbound TCP on port 7844.                                                           |
2026-07-20T03:52:43Z INF |                                                                                                    |
2026-07-20T03:52:43Z INF |  SUMMARY: Environment has critical failures. cloudflared may not be able to establish a tunnel.    |
2026-07-20T03:52:43Z INF +----------------------------------------------------------------------------------------------------+
2026-07-20T03:52:43Z INF precheck component="DNS Resolution" details="DNS Resolved successfully" run_id=ff1c7f03-afbe-4029-b2f3-71cc6b22079d status=pass target=region1.v2.argotunnel.com
2026-07-20T03:52:43Z INF precheck component="DNS Resolution" details="DNS Resolved successfully" run_id=ff1c7f03-afbe-4029-b2f3-71cc6b22079d status=pass target=region2.v2.argotunnel.com
2026-07-20T03:52:43Z INF precheck component="UDP Connectivity" details="QUIC connection successful" run_id=ff1c7f03-afbe-4029-b2f3-71cc6b22079d status=pass target=region1.v2.argotunnel.com
2026-07-20T03:52:43Z INF precheck component="UDP Connectivity" details="QUIC connection failed" run_id=ff1c7f03-afbe-4029-b2f3-71cc6b22079d status=fail target=region2.v2.argotunnel.com
2026-07-20T03:52:43Z INF precheck component="TCP Connectivity" details="HTTP/2 connection successful" run_id=ff1c7f03-afbe-4029-b2f3-71cc6b22079d status=pass target=region1.v2.argotunnel.com
2026-07-20T03:52:43Z INF precheck component="TCP Connectivity" details="HTTP/2 connection is blocked or unreachable" run_id=ff1c7f03-afbe-4029-b2f3-71cc6b22079d status=fail target=region2.v2.argotunnel.com
2026-07-20T03:52:43Z INF precheck component="Cloudflare API" details="API is reachable" run_id=ff1c7f03-afbe-4029-b2f3-71cc6b22079d status=pass target=api.cloudflare.com:443
2026-07-20T03:52:43Z INF precheck complete hard_fail=true run_id=ff1c7f03-afbe-4029-b2f3-71cc6b22079d
2026-07-20T03:52:48Z ERR Unable to establish connection with Cloudflare edge error="DialContext error: dial tcp [2606:4700:a8::10]:7844: i/o timeout" connIndex=0 event=0 ip=2606:4700:a8::10
2026-07-20T03:52:48Z ERR Serve tunnel error error="DialContext error: dial tcp [2606:4700:a8::10]:7844: i/o timeout" connIndex=0 event=0 ip=2606:4700:a8::10
2026-07-20T03:52:48Z INF Retrying connection in up to 2s connIndex=0 event=0 ip=2606:4700:a8::10
2026-07-20T03:52:49Z INF Tunnel connection curve preferences: [X25519MLKEM768 CurveID(65074) CurveP256] connIndex=0 event=0 ip=2606:4700:a0::6
2026-07-20T03:53:04Z ERR Unable to establish connection with Cloudflare edge error="DialContext error: dial tcp [2606:4700:a0::6]:7844: i/o timeout" connIndex=0 event=0 ip=2606:4700:a0::6
2026-07-20T03:53:04Z ERR Serve tunnel error error="DialContext error: dial tcp [2606:4700:a0::6]:7844: i/o timeout" connIndex=0 event=0 ip=2606:4700:a0::6
2026-07-20T03:53:04Z INF Retrying connection in up to 4s connIndex=0 event=0 ip=2606:4700:a0::6
2026-07-20T03:53:06Z INF Tunnel connection curve preferences: [X25519MLKEM768 CurveID(65074) CurveP256] connIndex=0 event=0 ip=198.41.192.67
2026-07-20T03:53:07Z INF Registered tunnel connection connIndex=0 connection=28052daf-25c7-4417-a378-12cc7854f21d event=0 ip=198.41.192.67 location=sjc01 protocol=http2
